// Jest Snapshot v1, https://goo.gl/fbAQLP

exports[`Name of the group Should match the snapshot 1`] = `
<DocumentFragment>
  .c0 {
  color: #FFFFFF;
  font-weight: bolder;
  background-color: #454545;
  border: none;
  border-radius: 2px;
  padding: .6rem 1.2rem;
  text-transform: uppercase;
}

.c0:hover {
  cursor: pointer;
}

<button
    class="c0"
    data-testid="button"
    type="submit"
  >
    button
  </button>
</DocumentFragment>
`;
